Category: 📺央视频道, Name: CCTV-1, Total: 244, Valid: 43, Valid Percent: 17.62%, Whitelist: 0, IPv4: 0, IPv6: 244, Min Delay: 0.1 ms, Max Speed: 0.00 M/s, Avg Speed: 0.00 M/s, Max Resolution: 1920x1080
Category: 📺央视频道, Name: CCTV-2, Total: 279, Valid: 69, Valid Percent: 24.73%, Whitelist: 0, IPv4: 1, IPv6: 278, Min Delay: 0.1 ms, Max Speed: 1.19 M/s, Avg Speed: 0.02 M/s, Max Resolution: 1920x1080
Category: 📺央视频道, Name: CCTV-3, Total: 247, Valid: 55, Valid Percent: 22.27%, Whitelist: 0, IPv4: 1, IPv6: 246, Min Delay: 0.1 ms, Max Speed: 0.71 M/s, Avg Speed: 0.01 M/s, Max Resolution: 1920x1080
Category: 📺央视频道, Name: CCTV-4, Total: 483, Valid: 59, Valid Percent: 12.22%, Whitelist: 0, IPv4: 0, IPv6: 483, Min Delay: 0.1 ms, Max Speed: 0.00 M/s, Avg Speed: 0.00 M/s, Max Resolution: 1920x1080
Category: 📺央视频道, Name: CCTV-5, Total: 374, Valid: 38, Valid Percent: 10.16%, Whitelist: 0, IPv4: 1, IPv6: 373, Min Delay: 0.1 ms, Max Speed: 1.02 M/s, Avg Speed: 0.03 M/s, Max Resolution: 1920x1080
Category: 📺央视频道, Name: CCTV-5+, Total: 119, Valid: 41, Valid Percent: 34.45%, Whitelist: 0, IPv4: 0, IPv6: 119, Min Delay: 0.1 ms, Max Speed: 0.00 M/s, Avg Speed: 0.00 M/s, Max Resolution: 1920x1080
Category: 📺央视频道, Name: CCTV-6, Total: 240, Valid: 36, Valid Percent: 15.00%, Whitelist: 0, IPv4: 1, IPv6: 239, Min Delay: 0.1 ms, Max Speed: 0.96 M/s, Avg Speed: 0.03 M/s, Max Resolution: 1920x1080
Category: 📺央视频道, Name: CCTV-7, Total: 248, Valid: 60, Valid Percent: 24.19%, Whitelist: 0, IPv4: 0, IPv6: 248, Min Delay: 0.1 ms, Max Speed: 0.00 M/s, Avg Speed: 0.00 M/s, Max Resolution: 1920x1080
Category: 📺央视频道, Name: CCTV-8, Total: 240, Valid: 47, Valid Percent: 19.58%, Whitelist: 0, IPv4: 0, IPv6: 240, Min Delay: 0.1 ms, Max Speed: 0.00 M/s, Avg Speed: 0.00 M/s, Max Resolution: 1920x1080
Category: 📺央视频道, Name: CCTV-9, Total: 252, Valid: 59, Valid Percent: 23.41%, Whitelist: 0, IPv4: 0, IPv6: 252, Min Delay: 0.1 ms, Max Speed: 0.00 M/s, Avg Speed: 0.00 M/s, Max Resolution: 1920x1080
Category: 📺央视频道, Name: CCTV-10, Total: 251, Valid: 58, Valid Percent: 23.11%, Whitelist: 0, IPv4: 1, IPv6: 250, Min Delay: 0.1 ms, Max Speed: 0.42 M/s, Avg Speed: 0.01 M/s, Max Resolution: 1920x1080
Category: 📺央视频道, Name: CCTV-11, Total: 273, Valid: 67, Valid Percent: 24.54%, Whitelist: 0, IPv4: 1, IPv6: 272, Min Delay: 0.1 ms, Max Speed: 1.67 M/s, Avg Speed: 0.02 M/s, Max Resolution: 1920x1080
Category: 📺央视频道, Name: CCTV-12, Total: 262, Valid: 65, Valid Percent: 24.81%, Whitelist: 0, IPv4: 1, IPv6: 261, Min Delay: 0.1 ms, Max Speed: 1.33 M/s, Avg Speed: 0.02 M/s, Max Resolution: 1920x1080
Category: 📺央视频道, Name: CCTV-13, Total: 301, Valid: 42, Valid Percent: 13.95%, Whitelist: 0, IPv4: 1, IPv6: 300, Min Delay: 0.1 ms, Max Speed: 0.87 M/s, Avg Speed: 0.02 M/s, Max Resolution: 1920x1080
Category: 📺央视频道, Name: CCTV-14, Total: 238, Valid: 38, Valid Percent: 15.97%, Whitelist: 0, IPv4: 0, IPv6: 238, Min Delay: 0.1 ms, Max Speed: 0.00 M/s, Avg Speed: 0.00 M/s, Max Resolution: 1920x1080
Category: 📺央视频道, Name: CCTV-15, Total: 255, Valid: 64, Valid Percent: 25.10%, Whitelist: 0, IPv4: 1, IPv6: 254, Min Delay: 0.1 ms, Max Speed: 1.26 M/s, Avg Speed: 0.02 M/s, Max Resolution: 1920x1080
Category: 📺央视频道, Name: CCTV-16, Total: 48, Valid: 23, Valid Percent: 47.92%, Whitelist: 0, IPv4: 0, IPv6: 48, Min Delay: 0.1 ms, Max Speed: 0.00 M/s, Avg Speed: 0.00 M/s, Max Resolution: 1920x1080
Category: 📺央视频道, Name: CCTV-17, Total: 251, Valid: 44, Valid Percent: 17.53%, Whitelist: 0, IPv4: 0, IPv6: 251, Min Delay: 0.1 ms, Max Speed: 0.00 M/s, Avg Speed: 0.00 M/s, Max Resolution: 1920x1080
Category: 📺央视频道, Name: CETV-1, Total: 427, Valid: 4, Valid Percent: 0.94%, Whitelist: 0, IPv4: 4, IPv6: 423, Min Delay: 298 ms, Max Speed: 17.44 M/s, Avg Speed: 8.28 M/s, Max Resolution: 1920x1080
Category: 📺央视频道, Name: CETV-2, Total: 382, Valid: 1, Valid Percent: 0.26%, Whitelist: 0, IPv4: 1, IPv6: 381, Min Delay: 401 ms, Max Speed: 12.65 M/s, Avg Speed: 12.65 M/s, Max Resolution: 720x576
Category: 📺央视频道, Name: CETV-3, Total: 8, Valid: 1, Valid Percent: 12.50%, Whitelist: 0, IPv4: 1, IPv6: 7, Min Delay: 220 ms, Max Speed: 12.14 M/s, Avg Speed: 12.14 M/s, Max Resolution: 720x576
Category: 📺央视频道, Name: CETV-4, Total: 396, Valid: 1, Valid Percent: 0.25%, Whitelist: 0, IPv4: 1, IPv6: 395, Min Delay: 339 ms, Max Speed: 15.04 M/s, Avg Speed: 15.04 M/s, Max Resolution: 720x576
Category: 🌊港·澳·台, Name: 凤凰中文, Total: 280, Valid: 19, Valid Percent: 6.79%, Whitelist: 0, IPv4: 1, IPv6: 279, Min Delay: 0.1 ms, Max Speed: 0.00 M/s, Avg Speed: 0.00 M/s, Max Resolution: 1920x1080
Category: 🌊港·澳·台, Name: 凤凰资讯, Total: 293, Valid: 35, Valid Percent: 11.95%, Whitelist: 0, IPv4: 1, IPv6: 292, Min Delay: 0.1 ms, Max Speed: 0.00 M/s, Avg Speed: 0.00 M/s, Max Resolution: 1920x1080
